[0+1/173] 13/ab67616d0000b27300139c3eeb59e40dba08f5a1 640x640 edges=145145 band=198299 194ms
[0+2/173] 12/ab67616d00001e0200124d0597059e8987bc4577 300x300 edges=80424 band=6622 45ms
[0+3/173] images/knuckles.jpg 350x350 edges=122488 band=0 48ms
[0+4/173] 13/ab67616d0000b2730013b94890cd20ee78725b1f 640x640 edges=196724 band=159171 202ms
[0+5/173] images/vvbrown.jpg 1000x1000 edges=212049 band=590962 608ms
[0+6/173] images/greenday.jpg 640x640 edges=119181 band=217186 148ms
[0+7/173] 05/ab67616d00001e02000564718f605c1f326b2ca2 300x300 edges=63539 band=18409 78ms
[0+8/173] 00/ab67616d0000b27300002947b898e4bd572ac4aa.jpg 640x640 edges=352535 band=39779 178ms
[0+9/173] images/skap.jpg 1000x894 edges=501068 band=294276 534ms
[0+10/173] 08/ab67616d0000b27300088460068752fad04f8541 640x640 edges=130078 band=209606 254ms
[0+11/173] 0c/ab67616d00001e02000c3523d80259b49a06ee45 300x300 edges=54660 band=26106 41ms
[0+12/173] 10/ab67616d00001e0200106c3252a4c133c0abde36 300x300 edges=20107 band=52406 33ms
[0+13/173] 09/ab67616d0000b27300092c140fe03d08e0dc906a 640x640 edges=18880 band=292966 182ms
[0+14/173] 0f/ab67616d00001e02000f723f36271de0ed3aa893 300x300 edges=58964 band=21901 50ms
[0+15/173] 0d/ab67616d0000b273000dd322ab822869dc34b72a 640x640 edges=274411 band=100367 187ms
[0+16/173] 09/ab67616d0000b273000936275a2446e5739034e5 640x640 edges=212832 band=143252 163ms
[0+17/173] 11/ab67616d0000b2730011c1dcb3a4a0cd92bdf203 640x640 edges=346557 band=41407 224ms
[0+18/173] images/havana.jpg 1200x1200 edges=184093 band=941796 700ms
[0+19/173] 08/ab67616d00001e02000844cad2cb586a22b891f2 300x300 edges=62556 band=18894 34ms
[0+20/173] 10/ab67616d0000b2730010bcd17e41331debec2bd5 640x640 edges=56950 band=264396 272ms
[0+21/173] images/meteora.jpg 640x640 edges=115166 band=220821 156ms
[0+22/173] images/birdsofprey.jpg 1000x1000 edges=398186 band=451321 361ms
[0+23/173] images/once.jpg 1000x980 edges=398841 band=435811 426ms
[0+24/173] 09/ab67616d00001e020009657a5122a7b3d40458b0 300x300 edges=13344 band=57479 62ms
[0+25/173] 0b/ab67616d0000b273000ba4a828abadcf3f4642f6 640x640 edges=104815 band=226980 146ms
[0+26/173] 08/ab67616d00001e0200083a2d455755e4c1116825 300x300 edges=73958 band=11496 51ms
[0+27/173] images/orelsan.jpg 340x340 edges=56452 band=43818 48ms
[0+28/173] 01/ab67616d0000b27300015083990110d3b1a4ea8a.jpg 640x640 edges=388488 band=14909 258ms
[0+29/173] 09/ab67616d0000b27300097e55f9a93ceb03afa4b2 640x640 edges=337402 band=49716 230ms
[0+30/173] 02/ab67616d0000b2730002dfdcde2cb0a75822168c.jpg 640x640 edges=213432 band=142428 236ms
[0+31/173] 0d/ab67616d00001e02000d457f4b8829a59481e78b 300x300 edges=37820 band=39120 56ms
[0+32/173] 00/ab67616d00001e02000060b6aa68cdd9e02567b1.jpg 300x300 edges=8485 band=61126 39ms
[0+33/173] images/infected.jpg 640x640 edges=191410 band=158410 294ms
[0+34/173] 03/ab67616d00001e020003e50500c5d762da89643a.jpg 300x300 edges=65359 band=16710 73ms
[0+35/173] 10/ab67616d0000b2730010def2c33a308e8bd193f8 640x640 edges=270424 band=103219 134ms
[0+36/173] 0d/ab67616d0000b273000d8049603d6ab7f5d759bb 640x640 edges=239512 band=121576 253ms
[0+37/173] 0a/ab67616d00001e02000a8aa1dafa651976a7bb44 300x300 edges=26818 band=44751 56ms
[0+38/173] 03/ab67616d0000b2730003580bd2766859c4d81e13.jpg 640x640 edges=215835 band=143609 186ms
[0+39/173] images/krafty.jpg 640x640 edges=314077 band=71128 132ms
[0+40/173] images/horsley.jpg 1000x1000 edges=155141 band=633491 333ms
[0+41/173] 10/ab67616d0000b27300100a3e9c764acf01c16db8 640x640 edges=154021 band=191558 171ms
[0+42/173] 02/ab67616d0000b27300028829f9e78dbe7ce92f7e.jpg 640x640 edges=272365 band=98707 141ms
[0+43/173] 0c/ab67616d00001e02000c4d52300a016ee65f1622 300x300 edges=79668 band=7407 46ms
[0+44/173] images/johns.jpg 700x700 edges=201984 band=215880 251ms
[0+45/173] 0e/ab67616d00001e02000eaebc73a8a91dabda71fa 300x300 edges=57828 band=23988 32ms
[0+46/173] 13/ab67616d00001e020013bebcaee941ebcc13437c 300x300 edges=40692 band=36604 67ms
[0+47/173] 0e/ab67616d0000b273000efaac56201fc13ee0724b 640x640 edges=336389 band=0 167ms
[0+48/173] 0f/ab67616d0000b273000f815611cd5966187e2051 640x640 edges=194555 band=161280 183ms
[0+49/173] 0e/ab67616d00001e02000e229142cb6dbae156341c 300x300 edges=80984 band=6668 67ms
[0+50/173] 14/ab67616d0000b2730014cb7f2229ff8195e3ba04 640x640 edges=219394 band=121775 140ms
[0+51/173] 00/ab67616d0000b27300009f60aeb150a5db45b47b.jpg 640x640 edges=182476 band=170052 197ms
[0+52/173] 0e/ab67616d0000b273000ec4aa76a94a5ba13c5946 640x640 edges=210973 band=148304 149ms
[0+53/173] 0e/ab67616d0000b273000e440b3d59e91eb43040ee 640x640 edges=316481 band=63248 188ms
[0+54/173] 00/ab67616d00001e020000e692a330542f8ed14132.jpg 300x300 edges=29011 band=45711 29ms
[0+55/173] 14/ab67616d00001e020014515e58cd4399da62ed02 300x300 edges=54251 band=25841 28ms
[0+56/173] 12/ab67616d0000b2730012eb9ade9c1bf4a5411c5d 640x640 edges=299851 band=80444 254ms
[0+57/173] 14/ab67616d00001e020014adcd67767097b6fb42e0 300x300 edges=76286 band=9200 71ms
[0+58/173] 0d/ab67616d00001e02000db903479b2da9843413b1 300x300 edges=27734 band=46594 39ms
[0+59/173] 01/ab67616d00001e0200015a7a9909e03141e001e3.jpg 300x300 edges=32144 band=43390 49ms
[0+60/173] 03/ab67616d0000b273000390c07f75da30b4e8aba8.jpg 640x640 edges=178588 band=168918 259ms
[0+61/173] 07/ab67616d0000b2730007cc8b341c11227aa7b461 640x640 edges=241161 band=125657 272ms
[0+62/173] 08/ab67616d00001e020008dbb4f7769b5d7eac35e7 300x300 edges=52571 band=27491 43ms
[0+63/173] 04/ab67616d0000b273000442caec7ec8cb724bf265 640x640 edges=407613 band=0 203ms
[0+64/173] 10/ab67616d00001e02001031d1e10290f8e446bd68 300x300 edges=64897 band=18651 71ms
[0+65/173] 06/ab67616d0000b273000626fb25df8b60c4b97ca4 640x640 edges=163766 band=183904 203ms
[0+66/173] 0a/ab67616d00001e02000acce65f2cf84ea8655e1c 300x300 edges=80861 band=0 44ms
[0+67/173] images/placebo.jpg 1400x1400 edges=717008 band=930513 1372ms
[0+68/173] 0f/ab67616d0000b273000fa9b53f161dc999ef557d 640x640 edges=238919 band=127634 198ms
[0+69/173] 0a/ab67616d0000b273000a8097d86930fb02f5a76d 640x640 edges=252883 band=115223 198ms
[0+70/173] 06/ab67616d00001e020006eb2197bdb0a7b9392108 300x300 edges=73909 band=11968 76ms
[0+71/173] images/franz.jpg 640x640 edges=50338 band=269402 156ms
[0+72/173] 0e/ab67616d0000b273000e91d6c3b44e900d334a78 640x640 edges=220014 band=142090 198ms
[0+73/173] 08/ab67616d0000b27300081dec93652e6af2582192 640x640 edges=59001 band=262692 210ms
[0+74/173] 05/ab67616d0000b2730005230fae1822525e5a5ff6 640x640 edges=89919 band=239760 138ms
[0+75/173] 09/ab67616d0000b273000935fb172db4be2dc647bb 640x640 edges=367092 band=31814 124ms
[0+76/173] 0b/ab67616d00001e02000b5fe0db38c29686e103dc 300x300 edges=39012 band=38239 42ms
[0+77/173] 04/ab67616d00001e0200044a28a45b7b23d4be2f79 300x300 edges=40936 band=36654 52ms
[0+78/173] images/doja.jpg 640x640 edges=109556 band=224859 222ms
[0+79/173] 04/ab67616d00001e020004ccf0ae91364130886c02 300x300 edges=66711 band=17283 51ms
[0+80/173] 07/ab67616d00001e0200079d5a7d92f2bff88570db 300x300 edges=62691 band=19152 40ms
[0+81/173] 0b/ab67616d00001e02000b096f0b03b7745c8e8aab 300x300 edges=70198 band=13453 51ms
[0+82/173] 02/ab67616d00001e02000200344e34f02b55e8292a.jpg 300x300 edges=43330 band=34405 29ms
[0+83/173] 03/ab67616d0000b27300034b1c66ddd55a5337f66a.jpg 640x640 edges=201139 band=150763 520ms
[0+84/173] 0e/ab67616d0000b273000e5109c484324cc95a2222 640x640 edges=41989 band=275694 187ms
[0+85/173] 0a/ab67616d0000b273000a9e0be9521986cc08839e 640x640 edges=316803 band=68139 230ms
[0+86/173] 10/ab67616d0000b27300103a3729bf589e0dc913ab 640x640 edges=320537 band=58542 246ms
[0+87/173] 07/ab67616d0000b2730007d42f64cb70acce41c71d 640x640 edges=190928 band=163744 124ms
[0+88/173] 05/ab67616d00001e020005a54a9ea60f48619788f1 300x300 edges=9161 band=60492 34ms
[0+89/173] 08/ab67616d0000b273000895e0c9e4ceba053fa99d 640x640 edges=115743 band=220270 133ms
[0+90/173] 13/ab67616d0000b2730013f0c1413596008703e3f3 640x640 edges=148161 band=194948 143ms
[0+91/173] 10/ab67616d00001e020010b864b2a925ec6bfaa30e 300x300 edges=78678 band=8083 81ms
[0+92/173] 09/ab67616d0000b2730009ee6f6835bed9a0e41752 640x640 edges=59782 band=262227 144ms
[0+93/173] 00/ab67616d00001e020000ff9a99b8761b17336fa2.jpg 300x300 edges=23491 band=49824 33ms
[0+94/173] 10/ab67616d0000b273001063830a2e597293293797 640x640 edges=62850 band=259673 189ms
[0+95/173] images/disney.avif 483x483 edges=20576 band=159474 127ms
[0+96/173] 0b/ab67616d0000b273000bc98f315aba36374f9f93 640x640 edges=71869 band=252284 142ms
[0+97/173] 10/ab67616d00001e0200102a1cdfa1c0f12d6528ea 300x300 edges=41791 band=36134 43ms
[0+98/173] 0e/ab67616d00001e02000e007955ee2f8b29f5b2b4 300x300 edges=37609 band=39273 32ms
[0+99/173] 0f/ab67616d0000b273000f58e77c6b56afa4666ad0 640x640 edges=273104 band=92223 198ms
[0+100/173] 0a/ab67616d0000b273000a2927c0f27657e4a2aeaa 640x640 edges=221486 band=140051 248ms
[0+101/173] images/slipknot.jpg 500x500 edges=14818 band=176381 114ms
[0+102/173] 0a/ab67616d0000b273000a392cb5a08d9801562845 640x640 edges=140445 band=201722 215ms
[0+103/173] 03/ab67616d00001e02000300752f338b6aedff856c.jpg 300x300 edges=64429 band=19151 52ms
[0+104/173] 0c/ab67616d00001e02000c5e69af1d6ce16e2b1a61 300x300 edges=81238 band=6485 37ms
[0+105/173] 07/ab67616d0000b27300079f9ad0372526979bfb09 640x640 edges=112665 band=222287 146ms
[0+106/173] 0a/ab67616d0000b273000aa22923f3a9064c0e525b 640x640 edges=254097 band=116209 238ms
[0+107/173] 02/ab67616d0000b273000285d15c911a20ed2ce152.jpg 640x640 edges=317329 band=68631 163ms
[0+108/173] 06/ab67616d00001e0200060491ade88c8893373d9f 300x300 edges=62630 band=20134 30ms
[0+109/173] 08/ab67616d00001e0200087b1314ac8e17bc1c6916 300x300 edges=71929 band=12935 87ms
[0+110/173] 07/ab67616d0000b27300075841f68d8cd71db368d8 640x640 edges=266693 band=106046 184ms
[0+111/173] 0d/ab67616d0000b273000d5cdbc67ed815efc360ad 640x640 edges=211586 band=148009 541ms
[0+112/173] 08/ab67616d0000b2730008a072e88d67d38dfc2556 640x640 edges=194459 band=154306 184ms
[0+113/173] 05/ab67616d0000b2730005a91812c85db291ea5d85 640x640 edges=391717 band=12540 282ms
[0+114/173] 09/ab67616d0000b2730009448702be55dfc86fde67 640x640 edges=176209 band=159791 205ms
[0+115/173] 09/ab67616d0000b27300099f4221cf6ed5f2440904 640x640 edges=108617 band=225388 143ms
[0+116/173] 0c/ab67616d00001e02000c4fb7fc6c9f7ab6d6904c 300x300 edges=45346 band=32881 40ms
[0+117/173] 13/ab67616d0000b2730013095d1c1a5350d21f448d 640x640 edges=47073 band=271484 132ms
[0+118/173] images/loups.jpg 500x500 edges=16818 band=174692 259ms
[0+119/173] 01/ab67616d0000b2730001c404b8a04a8789db8dab.jpg 640x640 edges=171423 band=178460 202ms
[0+120/173] 02/ab67616d00001e020002881a851f1e14c374562b.jpg 300x300 edges=68066 band=16237 62ms
[0+121/173] 02/ab67616d00001e020002f9f58137435bcf6e8e77.jpg 300x300 edges=65952 band=18022 40ms
[0+122/173] images/toxicity.jpg 640x640 edges=370116 band=0 165ms
[0+123/173] 06/ab67616d0000b273000637ffe82ad17bfa0f1073 640x640 edges=363401 band=0 241ms
[0+124/173] 01/ab67616d00001e020001c08189a1b1a67bab3d95.jpg 300x300 edges=71025 band=13426 31ms
[0+125/173] 06/ab67616d00001e020006bcb4b80e6d6c49820121 300x300 edges=39694 band=37608 41ms
[0+126/173] images/muse.jpg 640x640 edges=168057 band=181152 272ms
[0+127/173] 01/ab67616d0000b27300018a0a56bae40350d9fa8e.jpg 640x640 edges=55815 band=264462 135ms
[0+128/173] 12/ab67616d0000b27300127e4552b22c761d50c8f5 640x640 edges=150442 band=194223 147ms
[0+129/173] 10/ab67616d0000b27300103a4dcd62e3dd6f76d123 640x640 edges=297757 band=78359 137ms
[0+130/173] images/artofficial.jpg 1000x1000 edges=753446 band=184561 476ms
[0+131/173] 06/ab67616d00001e0200066a61bbcbeadd632f7f38 300x300 edges=38771 band=36215 34ms
[0+132/173] 00/ab67616d00001e020000269ead63cf2376a6b67d.jpg 300x300 edges=44306 band=34228 34ms
[0+133/173] 0a/ab67616d0000b273000a24cc32b3d8b6e31bc161 640x640 edges=172933 band=177206 131ms
[0+134/173] images/elephunk.jpg 500x500 edges=174591 band=56408 98ms
[0+135/173] 02/ab67616d0000b273000213609eeb6cc1696b2da4.jpg 640x640 edges=160630 band=184827 137ms
[0+136/173] 0f/ab67616d00001e02000f58e77c6b56afa4666ad0 300x300 edges=72361 band=11550 42ms
[0+137/173] 03/ab67616d0000b273000323957b88112ca49b8ee0.jpg 640x640 edges=75326 band=250702 180ms
[0+138/173] images/nobs.jpg 1200x1200 edges=427350 band=759444 821ms
[0+139/173] 04/ab67616d0000b27300040defaf772cad7a1738ce 640x640 edges=321921 band=65670 131ms
[0+140/173] 08/ab67616d0000b2730008601958194a047b8e75a3 600x600 edges=93308 band=199979 113ms
[0+141/173] 06/ab67616d0000b2730006a059abb2a6b7dd4ad461 640x640 edges=101338 band=230753 121ms
[0+142/173] 05/ab67616d00001e020005fa7c7e0e067474967e41 300x300 edges=40104 band=36543 41ms
[0+143/173] 11/ab67616d0000b273001102263870e8b11c13ec31 640x640 edges=93289 band=237211 191ms
[0+144/173] 09/ab67616d0000b2730009d178a401f9433fdddff2 640x640 edges=199164 band=157752 259ms
[0+145/173] 01/ab67616d00001e020001738a49a69ed70ffcbe42.jpg 300x300 edges=49847 band=30096 34ms
[0+146/173] 03/ab67616d0000b27300034b60105d8937440211da.jpg 640x640 edges=170533 band=172344 156ms
[0+147/173] 07/ab67616d0000b2730007447dce968ba3a4066044 640x640 edges=204190 band=152204 183ms
[0+148/173] 03/ab67616d0000b27300038e79a0efbc7325db6444.jpg 640x640 edges=338102 band=52716 161ms
[0+149/173] 09/ab67616d0000b27300093ce40fe3f073dcd87ab5 640x640 edges=121713 band=215844 296ms
[0+150/173] 06/ab67616d0000b2730006c5d727b329e4477f4a81 640x640 edges=241739 band=113012 148ms
[0+151/173] 0e/ab67616d00001e02000ec9e3bb9ee4fc008b018e 300x300 edges=31234 band=44073 33ms
[0+152/173] images/slim.jpg 1200x1200 edges=1100670 band=235590 455ms
[0+153/173] 00/ab67616d0000b2730000cb591a0d52d8b88692d9.jpg 640x640 edges=392634 band=0 162ms
[0+154/173] 11/ab67616d00001e0200117a3fb2444ed7e04c4721 300x300 edges=76501 band=0 39ms
[0+155/173] 03/ab67616d00001e0200034fd1f86970643e18bf98.jpg 300x300 edges=25944 band=48006 43ms
[0+156/173] 0a/ab67616d0000b273000a8f5a7c2d213002fcd591 640x640 edges=189062 band=160383 183ms
[0+157/173] 0f/ab67616d00001e02000f0a78a1791248aec707e3 300x300 edges=45180 band=33596 52ms
[0+158/173] 08/ab67616d0000b27300083cc5b8d8d2e7ca7147cd 640x640 edges=60879 band=261257 295ms
[0+159/173] 09/ab67616d0000b273000955ccfc1e8da97a09b32d 640x640 edges=100830 band=230317 217ms
[0+160/173] 01/ab67616d00001e0200018a1e2daf68a53f504cb9.jpg 300x300 edges=9534 band=60074 28ms
[0+161/173] 07/ab67616d0000b2730007960724fb77c8041c6c13 640x640 edges=257117 band=114055 299ms
[0+162/173] 0c/ab67616d0000b273000c42c61ba60f69e5a40a29 640x640 edges=24129 band=287288 247ms
[0+163/173] 03/ab67616d0000b27300039a97d604f239674f8d7b.jpg 640x640 edges=238177 band=128471 133ms
[0+164/173] 02/ab67616d0000b2730002dc280ccc28cadb7d4ae4.jpg 640x640 edges=296038 band=85092 146ms
[0+165/173] 0c/ab67616d00001e02000cd48fb26f462cd33760f6 300x300 edges=27103 band=47164 140ms
[0+166/173] 13/ab67616d0000b2730013e7782db25f28b59084ec 640x640 edges=211123 band=148837 179ms
[0+167/173] 09/ab67616d0000b273000913b3e9ae2c7173d1a8b2 640x640 edges=58350 band=262999 266ms
[0+168/173] 04/ab67616d0000b2730004515066668684295c41a7 640x640 edges=373002 band=22039 169ms
[0+169/173] 11/ab67616d0000b2730011079ecb2d897c4f3d2f6a 640x640 edges=265381 band=107225 129ms
[0+170/173] 05/ab67616d0000b2730005597105ba1e2d38f62cfc 640x640 edges=328073 band=56044 179ms
[0+171/173] 08/ab67616d0000b2730008c1c08433aa880aad7f30 640x640 edges=210021 band=148416 183ms
[0+172/173] 01/ab67616d0000b27300014fb430dd1b693e653121.jpg 640x640 edges=184434 band=168310 262ms
[0+173/173] 11/ab67616d0000b27300116380305ae5fd3607c43b 640x640 edges=399565 band=0 174ms
