[0+1/173] 13/ab67616d0000b27300139c3eeb59e40dba08f5a1 640x640 edges=135304 band=205713 185ms
[0+2/173] 12/ab67616d00001e0200124d0597059e8987bc4577 300x300 edges=67192 band=14697 47ms
[0+3/173] images/knuckles.jpg 350x350 edges=122040 band=0 77ms
[0+4/173] 13/ab67616d0000b2730013b94890cd20ee78725b1f 640x640 edges=106600 band=224752 159ms
[0+5/173] images/vvbrown.jpg 1000x1000 edges=157978 band=631436 562ms
[0+6/173] images/greenday.jpg 640x640 edges=85389 band=242794 158ms
[0+7/173] 05/ab67616d00001e02000564718f605c1f326b2ca2 300x300 edges=44700 band=33001 86ms
[0+8/173] 00/ab67616d0000b27300002947b898e4bd572ac4aa.jpg 640x640 edges=285950 band=92263 142ms
[0+9/173] images/skap.jpg 1000x894 edges=409748 band=360967 431ms
[0+10/173] 08/ab67616d0000b27300088460068752fad04f8541 640x640 edges=104520 band=228796 258ms
[0+11/173] 0c/ab67616d00001e02000c3523d80259b49a06ee45 300x300 edges=40241 band=36835 45ms
[0+12/173] 10/ab67616d00001e0200106c3252a4c133c0abde36 300x300 edges=14668 band=56309 33ms
[0+13/173] 09/ab67616d0000b27300092c140fe03d08e0dc906a 640x640 edges=12847 band=297475 196ms
[0+14/173] 0f/ab67616d00001e02000f723f36271de0ed3aa893 300x300 edges=42640 band=34557 61ms
[0+15/173] 0d/ab67616d0000b273000dd322ab822869dc34b72a 640x640 edges=226894 band=136547 149ms
[0+16/173] 09/ab67616d0000b273000936275a2446e5739034e5 640x640 edges=132976 band=202286 167ms
[0+17/173] 11/ab67616d0000b2730011c1dcb3a4a0cd92bdf203 640x640 edges=275992 band=92665 205ms
[0+18/173] images/havana.jpg 1200x1200 edges=104931 band=999491 711ms
[0+19/173] 08/ab67616d00001e02000844cad2cb586a22b891f2 300x300 edges=47598 band=29965 41ms
[0+20/173] 10/ab67616d0000b2730010bcd17e41331debec2bd5 640x640 edges=41799 band=275821 273ms
[0+21/173] images/meteora.jpg 640x640 edges=90190 band=239503 163ms
[0+22/173] images/birdsofprey.jpg 1000x1000 edges=323654 band=507081 379ms
[0+23/173] images/once.jpg 1000x980 edges=264377 band=535958 517ms
[0+24/173] 09/ab67616d00001e020009657a5122a7b3d40458b0 300x300 edges=8529 band=61084 63ms
[0+25/173] 0b/ab67616d0000b273000ba4a828abadcf3f4642f6 640x640 edges=71910 band=252200 154ms
[0+26/173] 08/ab67616d00001e0200083a2d455755e4c1116825 300x300 edges=59976 band=22228 55ms
[0+27/173] images/orelsan.jpg 340x340 edges=40559 band=56265 62ms
[0+28/173] 01/ab67616d0000b27300015083990110d3b1a4ea8a.jpg 640x640 edges=344539 band=0 225ms
[0+29/173] 09/ab67616d0000b27300097e55f9a93ceb03afa4b2 640x640 edges=275273 band=95224 202ms
[0+30/173] 02/ab67616d0000b2730002dfdcde2cb0a75822168c.jpg 640x640 edges=146771 band=195921 205ms
[0+31/173] 0d/ab67616d00001e02000d457f4b8829a59481e78b 300x300 edges=29772 band=45150 56ms
[0+32/173] 00/ab67616d00001e02000060b6aa68cdd9e02567b1.jpg 300x300 edges=6472 band=62640 39ms
[0+33/173] images/infected.jpg 640x640 edges=129868 band=207334 262ms
[0+34/173] 03/ab67616d00001e020003e50500c5d762da89643a.jpg 300x300 edges=42522 band=31132 79ms
[0+35/173] 10/ab67616d0000b2730010def2c33a308e8bd193f8 640x640 edges=201696 band=153826 136ms
[0+36/173] 0d/ab67616d0000b273000d8049603d6ab7f5d759bb 640x640 edges=146470 band=194827 315ms
[0+37/173] 0a/ab67616d00001e02000a8aa1dafa651976a7bb44 300x300 edges=12357 band=57287 68ms
[0+38/173] 03/ab67616d0000b2730003580bd2766859c4d81e13.jpg 640x640 edges=122389 band=215280 207ms
[0+39/173] images/krafty.jpg 640x640 edges=267428 band=103049 132ms
[0+40/173] images/horsley.jpg 1000x1000 edges=105518 band=670447 324ms
[0+41/173] 10/ab67616d0000b27300100a3e9c764acf01c16db8 640x640 edges=114574 band=221177 155ms
[0+42/173] 02/ab67616d0000b27300028829f9e78dbe7ce92f7e.jpg 640x640 edges=203652 band=151975 149ms
[0+43/173] 0c/ab67616d00001e02000c4d52300a016ee65f1622 300x300 edges=64347 band=16060 45ms
[0+44/173] images/johns.jpg 700x700 edges=167118 band=242130 218ms
[0+45/173] 0e/ab67616d00001e02000eaebc73a8a91dabda71fa 300x300 edges=51231 band=28636 39ms
[0+46/173] 13/ab67616d00001e020013bebcaee941ebcc13437c 300x300 edges=24779 band=48913 70ms
[0+47/173] 0e/ab67616d0000b273000efaac56201fc13ee0724b 640x640 edges=226389 band=116831 211ms
[0+48/173] 0f/ab67616d0000b273000f815611cd5966187e2051 640x640 edges=146720 band=197101 192ms
[0+49/173] 0e/ab67616d00001e02000e229142cb6dbae156341c 300x300 edges=75377 band=10799 74ms
[0+50/173] 14/ab67616d0000b2730014cb7f2229ff8195e3ba04 640x640 edges=122016 band=212260 141ms
[0+51/173] 00/ab67616d0000b27300009f60aeb150a5db45b47b.jpg 640x640 edges=126064 band=212595 198ms
[0+52/173] 0e/ab67616d0000b273000ec4aa76a94a5ba13c5946 640x640 edges=150714 band=193599 146ms
[0+53/173] 0e/ab67616d0000b273000e440b3d59e91eb43040ee 640x640 edges=219217 band=137112 138ms
[0+54/173] 00/ab67616d00001e020000e692a330542f8ed14132.jpg 300x300 edges=21964 band=50995 37ms
[0+55/173] 14/ab67616d00001e020014515e58cd4399da62ed02 300x300 edges=43540 band=34623 36ms
[0+56/173] 12/ab67616d0000b2730012eb9ade9c1bf4a5411c5d 640x640 edges=237644 band=123918 240ms
[0+57/173] 14/ab67616d00001e020014adcd67767097b6fb42e0 300x300 edges=62797 band=18691 74ms
[0+58/173] 0d/ab67616d00001e02000db903479b2da9843413b1 300x300 edges=19844 band=52504 42ms
[0+59/173] 01/ab67616d00001e0200015a7a9909e03141e001e3.jpg 300x300 edges=23112 band=50165 46ms
[0+60/173] 03/ab67616d0000b273000390c07f75da30b4e8aba8.jpg 640x640 edges=117137 band=217043 242ms
[0+61/173] 07/ab67616d0000b2730007cc8b341c11227aa7b461 640x640 edges=176950 band=172281 277ms
[0+62/173] 08/ab67616d00001e020008dbb4f7769b5d7eac35e7 300x300 edges=39378 band=37685 44ms
[0+63/173] 04/ab67616d0000b273000442caec7ec8cb724bf265 640x640 edges=393638 band=0 210ms
[0+64/173] 10/ab67616d00001e02001031d1e10290f8e446bd68 300x300 edges=52669 band=27542 66ms
[0+65/173] 06/ab67616d0000b273000626fb25df8b60c4b97ca4 640x640 edges=120839 band=216489 220ms
[0+66/173] 0a/ab67616d00001e02000acce65f2cf84ea8655e1c 300x300 edges=64269 band=17932 53ms
[0+67/173] images/placebo.jpg 1400x1400 edges=464120 band=1120079 1460ms
[0+68/173] 0f/ab67616d0000b273000fa9b53f161dc999ef557d 640x640 edges=188359 band=165831 196ms
[0+69/173] 0a/ab67616d0000b273000a8097d86930fb02f5a76d 640x640 edges=172088 band=174122 158ms
[0+70/173] 06/ab67616d00001e020006eb2197bdb0a7b9392108 300x300 edges=63833 band=19594 80ms
[0+71/173] images/franz.jpg 640x640 edges=40450 band=276857 158ms
[0+72/173] 0e/ab67616d0000b273000e91d6c3b44e900d334a78 640x640 edges=158143 band=188398 200ms
[0+73/173] 08/ab67616d0000b27300081dec93652e6af2582192 640x640 edges=39642 band=277219 217ms
[0+74/173] 05/ab67616d0000b2730005230fae1822525e5a5ff6 640x640 edges=67570 band=256508 136ms
[0+75/173] 09/ab67616d0000b273000935fb172db4be2dc647bb 640x640 edges=315812 band=68691 185ms
[0+76/173] 0b/ab67616d00001e02000b5fe0db38c29686e103dc 300x300 edges=31718 band=43643 43ms
[0+77/173] 04/ab67616d00001e0200044a28a45b7b23d4be2f79 300x300 edges=24691 band=48475 45ms
[0+78/173] images/doja.jpg 640x640 edges=66722 band=257069 215ms
[0+79/173] 04/ab67616d00001e020004ccf0ae91364130886c02 300x300 edges=49532 band=28747 44ms
[0+80/173] 07/ab67616d00001e0200079d5a7d92f2bff88570db 300x300 edges=43473 band=33996 38ms
[0+81/173] 0b/ab67616d00001e02000b096f0b03b7745c8e8aab 300x300 edges=50805 band=28988 56ms
[0+82/173] 02/ab67616d00001e02000200344e34f02b55e8292a.jpg 300x300 edges=33588 band=41851 31ms
[0+83/173] 03/ab67616d0000b27300034b1c66ddd55a5337f66a.jpg 640x640 edges=146480 band=196456 519ms
[0+84/173] 0e/ab67616d0000b273000e5109c484324cc95a2222 640x640 edges=27827 band=286320 187ms
[0+85/173] 0a/ab67616d0000b273000a9e0be9521986cc08839e 640x640 edges=261720 band=110081 216ms
[0+86/173] 10/ab67616d0000b27300103a3729bf589e0dc913ab 640x640 edges=236041 band=122892 201ms
[0+87/173] 07/ab67616d0000b2730007d42f64cb70acce41c71d 640x640 edges=153500 band=192038 139ms
[0+88/173] 05/ab67616d00001e020005a54a9ea60f48619788f1 300x300 edges=6166 band=62818 33ms
[0+89/173] 08/ab67616d0000b273000895e0c9e4ceba053fa99d 640x640 edges=93459 band=237062 135ms
[0+90/173] 13/ab67616d0000b2730013f0c1413596008703e3f3 640x640 edges=101129 band=231021 144ms
[0+91/173] 10/ab67616d00001e020010b864b2a925ec6bfaa30e 300x300 edges=67031 band=15853 85ms
[0+92/173] 09/ab67616d0000b2730009ee6f6835bed9a0e41752 640x640 edges=39462 band=277574 154ms
[0+93/173] 00/ab67616d00001e020000ff9a99b8761b17336fa2.jpg 300x300 edges=14306 band=56748 31ms
[0+94/173] 10/ab67616d0000b273001063830a2e597293293797 640x640 edges=33510 band=281927 190ms
[0+95/173] images/disney.avif 483x483 edges=11275 band=166285 127ms
[0+96/173] 0b/ab67616d0000b273000bc98f315aba36374f9f93 640x640 edges=49703 band=269722 134ms
[0+97/173] 10/ab67616d00001e0200102a1cdfa1c0f12d6528ea 300x300 edges=34108 band=41880 51ms
[0+98/173] 0e/ab67616d00001e02000e007955ee2f8b29f5b2b4 300x300 edges=30021 band=44789 32ms
[0+99/173] 0f/ab67616d0000b273000f58e77c6b56afa4666ad0 640x640 edges=201373 band=149877 154ms
[0+100/173] 0a/ab67616d0000b273000a2927c0f27657e4a2aeaa 640x640 edges=170124 band=179115 229ms
[0+101/173] images/slipknot.jpg 500x500 edges=10972 band=179268 116ms
[0+102/173] 0a/ab67616d0000b273000a392cb5a08d9801562845 640x640 edges=96456 band=234792 222ms
[0+103/173] 03/ab67616d00001e02000300752f338b6aedff856c.jpg 300x300 edges=53889 band=27058 46ms
[0+104/173] 0c/ab67616d00001e02000c5e69af1d6ce16e2b1a61 300x300 edges=72627 band=13011 41ms
[0+105/173] 07/ab67616d0000b27300079f9ad0372526979bfb09 640x640 edges=87157 band=241822 154ms
[0+106/173] 0a/ab67616d0000b273000aa22923f3a9064c0e525b 640x640 edges=207532 band=151446 252ms
[0+107/173] 02/ab67616d0000b273000285d15c911a20ed2ce152.jpg 640x640 edges=192261 band=130383 177ms
[0+108/173] 06/ab67616d00001e0200060491ade88c8893373d9f 300x300 edges=48001 band=31117 34ms
[0+109/173] 08/ab67616d00001e0200087b1314ac8e17bc1c6916 300x300 edges=58479 band=22947 96ms
[0+110/173] 07/ab67616d0000b27300075841f68d8cd71db368d8 640x640 edges=209235 band=149970 231ms
[0+111/173] 0d/ab67616d0000b273000d5cdbc67ed815efc360ad 640x640 edges=147518 band=196397 624ms
[0+112/173] 08/ab67616d0000b2730008a072e88d67d38dfc2556 640x640 edges=154234 band=190490 225ms
[0+113/173] 05/ab67616d0000b2730005a91812c85db291ea5d85 640x640 edges=354162 band=39838 251ms
[0+114/173] 09/ab67616d0000b2730009448702be55dfc86fde67 640x640 edges=97434 band=220710 219ms
[0+115/173] 09/ab67616d0000b27300099f4221cf6ed5f2440904 640x640 edges=71948 band=253208 152ms
[0+116/173] 0c/ab67616d00001e02000c4fb7fc6c9f7ab6d6904c 300x300 edges=28908 band=45463 34ms
[0+117/173] 13/ab67616d0000b2730013095d1c1a5350d21f448d 640x640 edges=18753 band=293129 135ms
[0+118/173] images/loups.jpg 500x500 edges=9783 band=180057 263ms
[0+119/173] 01/ab67616d0000b2730001c404b8a04a8789db8dab.jpg 640x640 edges=121421 band=216054 219ms
[0+120/173] 02/ab67616d00001e020002881a851f1e14c374562b.jpg 300x300 edges=54375 band=26177 66ms
[0+121/173] 02/ab67616d00001e020002f9f58137435bcf6e8e77.jpg 300x300 edges=53738 band=27091 52ms
[0+122/173] images/toxicity.jpg 640x640 edges=304674 band=73670 148ms
[0+123/173] 06/ab67616d0000b273000637ffe82ad17bfa0f1073 640x640 edges=271992 band=98109 285ms
[0+124/173] 01/ab67616d00001e020001c08189a1b1a67bab3d95.jpg 300x300 edges=54716 band=25110 44ms
[0+125/173] 06/ab67616d00001e020006bcb4b80e6d6c49820121 300x300 edges=29222 band=45233 36ms
[0+126/173] images/muse.jpg 640x640 edges=126116 band=212410 276ms
[0+127/173] 01/ab67616d0000b27300018a0a56bae40350d9fa8e.jpg 640x640 edges=43563 band=274500 145ms
[0+128/173] 12/ab67616d0000b27300127e4552b22c761d50c8f5 640x640 edges=105117 band=228209 155ms
[0+129/173] 10/ab67616d0000b27300103a4dcd62e3dd6f76d123 640x640 edges=252774 band=116244 148ms
[0+130/173] images/artofficial.jpg 1000x1000 edges=661625 band=253280 470ms
[0+131/173] 06/ab67616d00001e0200066a61bbcbeadd632f7f38 300x300 edges=28394 band=44654 38ms
[0+132/173] 00/ab67616d00001e020000269ead63cf2376a6b67d.jpg 300x300 edges=32230 band=42775 29ms
[0+133/173] 0a/ab67616d0000b273000a24cc32b3d8b6e31bc161 640x640 edges=113773 band=219908 137ms
[0+134/173] images/elephunk.jpg 500x500 edges=141416 band=80764 106ms
[0+135/173] 02/ab67616d0000b273000213609eeb6cc1696b2da4.jpg 640x640 edges=98461 band=232789 144ms
[0+136/173] 0f/ab67616d00001e02000f58e77c6b56afa4666ad0 300x300 edges=59327 band=22908 36ms
[0+137/173] 03/ab67616d0000b273000323957b88112ca49b8ee0.jpg 640x640 edges=48688 band=270641 202ms
[0+138/173] images/nobs.jpg 1200x1200 edges=344958 band=821242 867ms
[0+139/173] 04/ab67616d0000b27300040defaf772cad7a1738ce 640x640 edges=251266 band=106848 141ms
[0+140/173] 08/ab67616d0000b2730008601958194a047b8e75a3 600x600 edges=62084 band=219541 113ms
[0+141/173] 06/ab67616d0000b2730006a059abb2a6b7dd4ad461 640x640 edges=73339 band=252171 126ms
[0+142/173] 05/ab67616d00001e020005fa7c7e0e067474967e41 300x300 edges=27693 band=46721 52ms
[0+143/173] 11/ab67616d0000b273001102263870e8b11c13ec31 640x640 edges=71606 band=253463 192ms
[0+144/173] 09/ab67616d0000b2730009d178a401f9433fdddff2 640x640 edges=157585 band=188976 276ms
[0+145/173] 01/ab67616d00001e020001738a49a69ed70ffcbe42.jpg 300x300 edges=39361 band=37937 34ms
[0+146/173] 03/ab67616d0000b27300034b60105d8937440211da.jpg 640x640 edges=89288 band=239054 161ms
[0+147/173] 07/ab67616d0000b2730007447dce968ba3a4066044 640x640 edges=150088 band=194455 189ms
[0+148/173] 03/ab67616d0000b27300038e79a0efbc7325db6444.jpg 640x640 edges=292404 band=84156 171ms
[0+149/173] 09/ab67616d0000b27300093ce40fe3f073dcd87ab5 640x640 edges=90514 band=239264 308ms
[0+150/173] 06/ab67616d0000b2730006c5d727b329e4477f4a81 640x640 edges=164201 band=178376 162ms
[0+151/173] 0e/ab67616d00001e02000ec9e3bb9ee4fc008b018e 300x300 edges=24071 band=49389 28ms
[0+152/173] images/slim.jpg 1200x1200 edges=724370 band=536224 624ms
[0+153/173] 00/ab67616d0000b2730000cb591a0d52d8b88692d9.jpg 640x640 edges=351514 band=0 222ms
[0+154/173] 11/ab67616d00001e0200117a3fb2444ed7e04c4721 300x300 edges=55499 band=22310 38ms
[0+155/173] 03/ab67616d00001e0200034fd1f86970643e18bf98.jpg 300x300 edges=19625 band=52767 42ms
[0+156/173] 0a/ab67616d0000b273000a8f5a7c2d213002fcd591 640x640 edges=122926 band=213390 198ms
[0+157/173] 0f/ab67616d00001e02000f0a78a1791248aec707e3 300x300 edges=33153 band=42412 49ms
[0+158/173] 08/ab67616d0000b27300083cc5b8d8d2e7ca7147cd 640x640 edges=30198 band=283705 306ms
[0+159/173] 09/ab67616d0000b273000955ccfc1e8da97a09b32d 640x640 edges=82160 band=243929 211ms
[0+160/173] 01/ab67616d00001e0200018a1e2daf68a53f504cb9.jpg 300x300 edges=5085 band=63678 31ms
[0+161/173] 07/ab67616d0000b2730007960724fb77c8041c6c13 640x640 edges=218931 band=142625 313ms
[0+162/173] 0c/ab67616d0000b273000c42c61ba60f69e5a40a29 640x640 edges=12934 band=297332 249ms
[0+163/173] 03/ab67616d0000b27300039a97d604f239674f8d7b.jpg 640x640 edges=180706 band=171108 137ms
[0+164/173] 02/ab67616d0000b2730002dc280ccc28cadb7d4ae4.jpg 640x640 edges=243637 band=124457 143ms
[0+165/173] 0c/ab67616d00001e02000cd48fb26f462cd33760f6 300x300 edges=24600 band=49040 149ms
[0+166/173] 13/ab67616d0000b2730013e7782db25f28b59084ec 640x640 edges=173654 band=176927 154ms
[0+167/173] 09/ab67616d0000b273000913b3e9ae2c7173d1a8b2 640x640 edges=32812 band=282518 276ms
[0+168/173] 04/ab67616d0000b2730004515066668684295c41a7 640x640 edges=333819 band=55559 177ms
[0+169/173] 11/ab67616d0000b2730011079ecb2d897c4f3d2f6a 640x640 edges=219090 band=142299 138ms
[0+170/173] 05/ab67616d0000b2730005597105ba1e2d38f62cfc 640x640 edges=231629 band=125994 199ms
[0+171/173] 08/ab67616d0000b2730008c1c08433aa880aad7f30 640x640 edges=155473 band=190478 195ms
[0+172/173] 01/ab67616d0000b27300014fb430dd1b693e653121.jpg 640x640 edges=137257 band=203677 293ms
[0+173/173] 11/ab67616d0000b27300116380305ae5fd3607c43b 640x640 edges=363122 band=0 139ms
