[0+1/173] 13/ab67616d0000b27300139c3eeb59e40dba08f5a1 640x640 edges=81731 band=245882 200ms
[0+2/173] 12/ab67616d00001e0200124d0597059e8987bc4577 300x300 edges=19914 band=52072 68ms
[0+3/173] images/knuckles.jpg 350x350 edges=92840 band=0 77ms
[0+4/173] 13/ab67616d0000b2730013b94890cd20ee78725b1f 640x640 edges=13562 band=296378 164ms
[0+5/173] images/vvbrown.jpg 1000x1000 edges=46268 band=715285 629ms
[0+6/173] images/greenday.jpg 640x640 edges=31363 band=283526 174ms
[0+7/173] 05/ab67616d00001e02000564718f605c1f326b2ca2 300x300 edges=9617 band=59510 87ms
[0+8/173] 00/ab67616d0000b27300002947b898e4bd572ac4aa.jpg 640x640 edges=57356 band=255610 158ms
[0+9/173] images/skap.jpg 1000x894 edges=199635 band=518753 464ms
[0+10/173] 08/ab67616d0000b27300088460068752fad04f8541 640x640 edges=39868 band=277296 283ms
[0+11/173] 0c/ab67616d00001e02000c3523d80259b49a06ee45 300x300 edges=9829 band=59756 55ms
[0+12/173] 10/ab67616d00001e0200106c3252a4c133c0abde36 300x300 edges=5107 band=63667 35ms
[0+13/173] 09/ab67616d0000b27300092c140fe03d08e0dc906a 640x640 edges=3887 band=304258 214ms
[0+14/173] 0f/ab67616d00001e02000f723f36271de0ed3aa893 300x300 edges=13622 band=57275 57ms
[0+15/173] 0d/ab67616d0000b273000dd322ab822869dc34b72a 640x640 edges=68599 band=255494 173ms
[0+16/173] 09/ab67616d0000b273000936275a2446e5739034e5 640x640 edges=26719 band=286105 167ms
[0+17/173] 11/ab67616d0000b2730011c1dcb3a4a0cd92bdf203 640x640 edges=99308 band=223824 231ms
[0+18/173] images/havana.jpg 1200x1200 edges=21905 band=1063559 723ms
[0+19/173] 08/ab67616d00001e02000844cad2cb586a22b891f2 300x300 edges=16984 band=54636 43ms
[0+20/173] 10/ab67616d0000b2730010bcd17e41331debec2bd5 640x640 edges=17501 band=293975 274ms
[0+21/173] images/meteora.jpg 640x640 edges=33688 band=281927 168ms
[0+22/173] images/birdsofprey.jpg 1000x1000 edges=106826 band=669710 407ms
[0+23/173] images/once.jpg 1000x980 edges=44854 band=701325 506ms
[0+24/173] 09/ab67616d00001e020009657a5122a7b3d40458b0 300x300 edges=2057 band=65902 66ms
[0+25/173] 0b/ab67616d0000b273000ba4a828abadcf3f4642f6 640x640 edges=18331 band=293425 166ms
[0+26/173] 08/ab67616d00001e0200083a2d455755e4c1116825 300x300 edges=16608 band=54552 51ms
[0+27/173] images/orelsan.jpg 340x340 edges=10404 band=78838 61ms
[0+28/173] 01/ab67616d0000b27300015083990110d3b1a4ea8a.jpg 640x640 edges=116651 band=216667 315ms
[0+29/173] 09/ab67616d0000b27300097e55f9a93ceb03afa4b2 640x640 edges=125442 band=210343 223ms
[0+30/173] 02/ab67616d0000b2730002dfdcde2cb0a75822168c.jpg 640x640 edges=61803 band=259925 212ms
[0+31/173] 0d/ab67616d00001e02000d457f4b8829a59481e78b 300x300 edges=9803 band=60091 60ms
[0+32/173] 00/ab67616d00001e02000060b6aa68cdd9e02567b1.jpg 300x300 edges=3018 band=65224 39ms
[0+33/173] images/infected.jpg 640x640 edges=36431 band=279767 299ms
[0+34/173] 03/ab67616d00001e020003e50500c5d762da89643a.jpg 300x300 edges=11239 band=55933 84ms
[0+35/173] 10/ab67616d0000b2730010def2c33a308e8bd193f8 640x640 edges=49952 band=267479 158ms
[0+36/173] 0d/ab67616d0000b273000d8049603d6ab7f5d759bb 640x640 edges=24497 band=288670 330ms
[0+37/173] 0a/ab67616d00001e02000a8aa1dafa651976a7bb44 300x300 edges=2544 band=65577 65ms
[0+38/173] 03/ab67616d0000b2730003580bd2766859c4d81e13.jpg 640x640 edges=21557 band=290427 215ms
[0+39/173] images/krafty.jpg 640x640 edges=113109 band=217185 160ms
[0+40/173] images/horsley.jpg 1000x1000 edges=24171 band=731624 342ms
[0+41/173] 10/ab67616d0000b27300100a3e9c764acf01c16db8 640x640 edges=26697 band=287126 157ms
[0+42/173] 02/ab67616d0000b27300028829f9e78dbe7ce92f7e.jpg 640x640 edges=61518 band=257124 166ms
[0+43/173] 0c/ab67616d00001e02000c4d52300a016ee65f1622 300x300 edges=20252 band=49797 55ms
[0+44/173] images/johns.jpg 700x700 edges=67581 band=316757 241ms
[0+45/173] 0e/ab67616d00001e02000eaebc73a8a91dabda71fa 300x300 edges=27862 band=46567 38ms
[0+46/173] 13/ab67616d00001e020013bebcaee941ebcc13437c 300x300 edges=6249 band=62556 75ms
[0+47/173] 0e/ab67616d0000b273000efaac56201fc13ee0724b 640x640 edges=45724 band=270334 230ms
[0+48/173] 0f/ab67616d0000b273000f815611cd5966187e2051 640x640 edges=43736 band=274380 213ms
[0+49/173] 0e/ab67616d00001e02000e229142cb6dbae156341c 300x300 edges=47561 band=31826 85ms
[0+50/173] 14/ab67616d0000b2730014cb7f2229ff8195e3ba04 640x640 edges=17894 band=292735 151ms
[0+51/173] 00/ab67616d0000b27300009f60aeb150a5db45b47b.jpg 640x640 edges=35200 band=280687 218ms
[0+52/173] 0e/ab67616d0000b273000ec4aa76a94a5ba13c5946 640x640 edges=47637 band=271350 164ms
[0+53/173] 0e/ab67616d0000b273000e440b3d59e91eb43040ee 640x640 edges=40006 band=269852 156ms
[0+54/173] 00/ab67616d00001e020000e692a330542f8ed14132.jpg 300x300 edges=8950 band=60783 37ms
[0+55/173] 14/ab67616d00001e020014515e58cd4399da62ed02 300x300 edges=19877 band=52428 37ms
[0+56/173] 12/ab67616d0000b2730012eb9ade9c1bf4a5411c5d 640x640 edges=48385 band=270760 292ms
[0+57/173] 14/ab67616d00001e020014adcd67767097b6fb42e0 300x300 edges=23833 band=45093 77ms
[0+58/173] 0d/ab67616d00001e02000db903479b2da9843413b1 300x300 edges=6341 band=62618 44ms
[0+59/173] 01/ab67616d00001e0200015a7a9909e03141e001e3.jpg 300x300 edges=7043 band=62171 50ms
[0+60/173] 03/ab67616d0000b273000390c07f75da30b4e8aba8.jpg 640x640 edges=38129 band=278594 222ms
[0+61/173] 07/ab67616d0000b2730007cc8b341c11227aa7b461 640x640 edges=35811 band=280246 322ms
[0+62/173] 08/ab67616d00001e020008dbb4f7769b5d7eac35e7 300x300 edges=12385 band=58097 39ms
[0+63/173] 04/ab67616d0000b273000442caec7ec8cb724bf265 640x640 edges=245376 band=122502 223ms
[0+64/173] 10/ab67616d00001e02001031d1e10290f8e446bd68 300x300 edges=20239 band=51945 80ms
[0+65/173] 06/ab67616d0000b273000626fb25df8b60c4b97ca4 640x640 edges=42370 band=275200 230ms
[0+66/173] 0a/ab67616d00001e02000acce65f2cf84ea8655e1c 300x300 edges=19838 band=50014 48ms
[0+67/173] images/placebo.jpg 1400x1400 edges=135338 band=1367111 1546ms
[0+68/173] 0f/ab67616d0000b273000fa9b53f161dc999ef557d 640x640 edges=67427 band=256219 218ms
[0+69/173] 0a/ab67616d0000b273000a8097d86930fb02f5a76d 640x640 edges=32294 band=281687 167ms
[0+70/173] 06/ab67616d00001e020006eb2197bdb0a7b9392108 300x300 edges=26536 band=46901 101ms
[0+71/173] images/franz.jpg 640x640 edges=20500 band=291824 161ms
[0+72/173] 0e/ab67616d0000b273000e91d6c3b44e900d334a78 640x640 edges=35314 band=280653 223ms
[0+73/173] 08/ab67616d0000b27300081dec93652e6af2582192 640x640 edges=9495 band=300026 220ms
[0+74/173] 05/ab67616d0000b2730005230fae1822525e5a5ff6 640x640 edges=20638 band=291708 134ms
[0+75/173] 09/ab67616d0000b273000935fb172db4be2dc647bb 640x640 edges=102908 band=229635 154ms
[0+76/173] 0b/ab67616d00001e02000b5fe0db38c29686e103dc 300x300 edges=15975 band=55505 45ms
[0+77/173] 04/ab67616d00001e0200044a28a45b7b23d4be2f79 300x300 edges=5395 band=63351 49ms
[0+78/173] images/doja.jpg 640x640 edges=12420 band=297812 225ms
[0+79/173] 04/ab67616d00001e020004ccf0ae91364130886c02 300x300 edges=12812 band=57774 49ms
[0+80/173] 07/ab67616d00001e0200079d5a7d92f2bff88570db 300x300 edges=15831 band=55397 40ms
[0+81/173] 0b/ab67616d00001e02000b096f0b03b7745c8e8aab 300x300 edges=10782 band=58603 69ms
[0+82/173] 02/ab67616d00001e02000200344e34f02b55e8292a.jpg 300x300 edges=7966 band=61483 36ms
[0+83/173] 03/ab67616d0000b27300034b1c66ddd55a5337f66a.jpg 640x640 edges=51122 band=268723 577ms
[0+84/173] 0e/ab67616d0000b273000e5109c484324cc95a2222 640x640 edges=6132 band=302597 196ms
[0+85/173] 0a/ab67616d0000b273000a9e0be9521986cc08839e 640x640 edges=119347 band=211178 230ms
[0+86/173] 10/ab67616d0000b27300103a3729bf589e0dc913ab 640x640 edges=67791 band=244679 239ms
[0+87/173] 07/ab67616d0000b2730007d42f64cb70acce41c71d 640x640 edges=49265 band=269604 148ms
[0+88/173] 05/ab67616d00001e020005a54a9ea60f48619788f1 300x300 edges=2245 band=65795 37ms
[0+89/173] 08/ab67616d0000b273000895e0c9e4ceba053fa99d 640x640 edges=37795 band=278797 145ms
[0+90/173] 13/ab67616d0000b2730013f0c1413596008703e3f3 640x640 edges=43743 band=274205 152ms
[0+91/173] 10/ab67616d00001e020010b864b2a925ec6bfaa30e 300x300 edges=30755 band=43589 104ms
[0+92/173] 09/ab67616d0000b2730009ee6f6835bed9a0e41752 640x640 edges=13301 band=297199 155ms
[0+93/173] 00/ab67616d00001e020000ff9a99b8761b17336fa2.jpg 300x300 edges=1823 band=66119 32ms
[0+94/173] 10/ab67616d0000b273001063830a2e597293293797 640x640 edges=3802 band=304329 203ms
[0+95/173] images/disney.avif 483x483 edges=2738 band=172891 127ms
[0+96/173] 0b/ab67616d0000b273000bc98f315aba36374f9f93 640x640 edges=26297 band=287276 141ms
[0+97/173] 10/ab67616d00001e0200102a1cdfa1c0f12d6528ea 300x300 edges=14497 band=56579 52ms
[0+98/173] 0e/ab67616d00001e02000e007955ee2f8b29f5b2b4 300x300 edges=10289 band=59731 46ms
[0+99/173] 0f/ab67616d0000b273000f58e77c6b56afa4666ad0 640x640 edges=68722 band=252953 174ms
[0+100/173] 0a/ab67616d0000b273000a2927c0f27657e4a2aeaa 640x640 edges=52663 band=267658 268ms
[0+101/173] images/slipknot.jpg 500x500 edges=5306 band=183516 115ms
[0+102/173] 0a/ab67616d0000b273000a392cb5a08d9801562845 640x640 edges=20625 band=291266 242ms
[0+103/173] 03/ab67616d00001e02000300752f338b6aedff856c.jpg 300x300 edges=15321 band=55934 56ms
[0+104/173] 0c/ab67616d00001e02000c5e69af1d6ce16e2b1a61 300x300 edges=29683 band=44635 48ms
[0+105/173] 07/ab67616d0000b27300079f9ad0372526979bfb09 640x640 edges=26030 band=287668 169ms
[0+106/173] 0a/ab67616d0000b273000aa22923f3a9064c0e525b 640x640 edges=79837 band=247301 290ms
[0+107/173] 02/ab67616d0000b273000285d15c911a20ed2ce152.jpg 640x640 edges=26364 band=271415 216ms
[0+108/173] 06/ab67616d00001e0200060491ade88c8893373d9f 300x300 edges=15505 band=55664 40ms
[0+109/173] 08/ab67616d00001e0200087b1314ac8e17bc1c6916 300x300 edges=24543 band=48243 109ms
[0+110/173] 07/ab67616d0000b27300075841f68d8cd71db368d8 640x640 edges=69626 band=253658 235ms
[0+111/173] 0d/ab67616d0000b273000d5cdbc67ed815efc360ad 640x640 edges=60534 band=261766 757ms
[0+112/173] 08/ab67616d0000b2730008a072e88d67d38dfc2556 640x640 edges=78044 band=248424 221ms
[0+113/173] 05/ab67616d0000b2730005a91812c85db291ea5d85 640x640 edges=119611 band=164126 310ms
[0+114/173] 09/ab67616d0000b2730009448702be55dfc86fde67 640x640 edges=27644 band=282972 235ms
[0+115/173] 09/ab67616d0000b27300099f4221cf6ed5f2440904 640x640 edges=16595 band=294726 158ms
[0+116/173] 0c/ab67616d00001e02000c4fb7fc6c9f7ab6d6904c 300x300 edges=8702 band=60806 36ms
[0+117/173] 13/ab67616d0000b2730013095d1c1a5350d21f448d 640x640 edges=2512 band=305308 143ms
[0+118/173] images/loups.jpg 500x500 edges=2928 band=185257 270ms
[0+119/173] 01/ab67616d0000b2730001c404b8a04a8789db8dab.jpg 640x640 edges=41776 band=275113 242ms
[0+120/173] 02/ab67616d00001e020002881a851f1e14c374562b.jpg 300x300 edges=20756 band=50854 82ms
[0+121/173] 02/ab67616d00001e020002f9f58137435bcf6e8e77.jpg 300x300 edges=23843 band=49424 50ms
[0+122/173] images/toxicity.jpg 640x640 edges=83228 band=242054 152ms
[0+123/173] 06/ab67616d0000b273000637ffe82ad17bfa0f1073 640x640 edges=55968 band=257536 341ms
[0+124/173] 01/ab67616d00001e020001c08189a1b1a67bab3d95.jpg 300x300 edges=17438 band=54403 38ms
[0+125/173] 06/ab67616d00001e020006bcb4b80e6d6c49820121 300x300 edges=11586 band=58719 39ms
[0+126/173] images/muse.jpg 640x640 edges=38214 band=278365 323ms
[0+127/173] 01/ab67616d0000b27300018a0a56bae40350d9fa8e.jpg 640x640 edges=17648 band=293948 149ms
[0+128/173] 12/ab67616d0000b27300127e4552b22c761d50c8f5 640x640 edges=28624 band=285716 160ms
[0+129/173] 10/ab67616d0000b27300103a4dcd62e3dd6f76d123 640x640 edges=122405 band=214195 163ms
[0+130/173] images/artofficial.jpg 1000x1000 edges=336250 band=485033 545ms
[0+131/173] 06/ab67616d00001e0200066a61bbcbeadd632f7f38 300x300 edges=12379 band=58183 39ms
[0+132/173] 00/ab67616d00001e020000269ead63cf2376a6b67d.jpg 300x300 edges=14005 band=56860 36ms
[0+133/173] 0a/ab67616d0000b273000a24cc32b3d8b6e31bc161 640x640 edges=19150 band=292664 150ms
[0+134/173] images/elephunk.jpg 500x500 edges=53298 band=146959 97ms
[0+135/173] 02/ab67616d0000b273000213609eeb6cc1696b2da4.jpg 640x640 edges=21275 band=291037 157ms
[0+136/173] 0f/ab67616d00001e02000f58e77c6b56afa4666ad0 300x300 edges=24918 band=48346 41ms
[0+137/173] 03/ab67616d0000b273000323957b88112ca49b8ee0.jpg 640x640 edges=8897 band=300472 195ms
[0+138/173] images/nobs.jpg 1200x1200 edges=188831 band=938324 830ms
[0+139/173] 04/ab67616d0000b27300040defaf772cad7a1738ce 640x640 edges=77451 band=244696 181ms
[0+140/173] 08/ab67616d0000b2730008601958194a047b8e75a3 600x600 edges=19668 band=254579 121ms
[0+141/173] 06/ab67616d0000b2730006a059abb2a6b7dd4ad461 640x640 edges=24659 band=288684 131ms
[0+142/173] 05/ab67616d00001e020005fa7c7e0e067474967e41 300x300 edges=10141 band=59850 53ms
[0+143/173] 11/ab67616d0000b273001102263870e8b11c13ec31 640x640 edges=19986 band=292171 204ms
[0+144/173] 09/ab67616d0000b2730009d178a401f9433fdddff2 640x640 edges=56444 band=264353 309ms
[0+145/173] 01/ab67616d00001e020001738a49a69ed70ffcbe42.jpg 300x300 edges=8961 band=60778 38ms
[0+146/173] 03/ab67616d0000b27300034b60105d8937440211da.jpg 640x640 edges=11161 band=298360 167ms
[0+147/173] 07/ab67616d0000b2730007447dce968ba3a4066044 640x640 edges=36618 band=279384 218ms
[0+148/173] 03/ab67616d0000b27300038e79a0efbc7325db6444.jpg 640x640 edges=139684 band=199520 215ms
[0+149/173] 09/ab67616d0000b27300093ce40fe3f073dcd87ab5 640x640 edges=24445 band=288858 341ms
[0+150/173] 06/ab67616d0000b2730006c5d727b329e4477f4a81 640x640 edges=42498 band=271977 177ms
[0+151/173] 0e/ab67616d00001e02000ec9e3bb9ee4fc008b018e 300x300 edges=9580 band=60313 29ms
[0+152/173] images/slim.jpg 1200x1200 edges=113158 band=973496 554ms
[0+153/173] 00/ab67616d0000b2730000cb591a0d52d8b88692d9.jpg 640x640 edges=123130 band=193758 233ms
[0+154/173] 11/ab67616d00001e0200117a3fb2444ed7e04c4721 300x300 edges=13452 band=56851 39ms
[0+155/173] 03/ab67616d00001e0200034fd1f86970643e18bf98.jpg 300x300 edges=8085 band=61422 46ms
[0+156/173] 0a/ab67616d0000b273000a8f5a7c2d213002fcd591 640x640 edges=24399 band=288886 218ms
[0+157/173] 0f/ab67616d00001e02000f0a78a1791248aec707e3 300x300 edges=11087 band=59128 51ms
[0+158/173] 08/ab67616d0000b27300083cc5b8d8d2e7ca7147cd 640x640 edges=6061 band=302561 313ms
[0+159/173] 09/ab67616d0000b273000955ccfc1e8da97a09b32d 640x640 edges=36798 band=279575 234ms
[0+160/173] 01/ab67616d00001e0200018a1e2daf68a53f504cb9.jpg 300x300 edges=799 band=66886 31ms
[0+161/173] 07/ab67616d0000b2730007960724fb77c8041c6c13 640x640 edges=79071 band=247764 358ms
[0+162/173] 0c/ab67616d0000b273000c42c61ba60f69e5a40a29 640x640 edges=4899 band=303503 251ms
[0+163/173] 03/ab67616d0000b27300039a97d604f239674f8d7b.jpg 640x640 edges=53174 band=266871 149ms
[0+164/173] 02/ab67616d0000b2730002dc280ccc28cadb7d4ae4.jpg 640x640 edges=85553 band=242728 154ms
[0+165/173] 0c/ab67616d00001e02000cd48fb26f462cd33760f6 300x300 edges=13295 band=57521 151ms
[0+166/173] 13/ab67616d0000b2730013e7782db25f28b59084ec 640x640 edges=56563 band=264760 180ms
[0+167/173] 09/ab67616d0000b273000913b3e9ae2c7173d1a8b2 640x640 edges=5878 band=302775 276ms
[0+168/173] 04/ab67616d0000b2730004515066668684295c41a7 640x640 edges=131219 band=199994 160ms
[0+169/173] 11/ab67616d0000b2730011079ecb2d897c4f3d2f6a 640x640 edges=76280 band=249984 155ms
[0+170/173] 05/ab67616d0000b2730005597105ba1e2d38f62cfc 640x640 edges=42796 band=268108 154ms
[0+171/173] 08/ab67616d0000b2730008c1c08433aa880aad7f30 640x640 edges=56766 band=264596 214ms
[0+172/173] 01/ab67616d0000b27300014fb430dd1b693e653121.jpg 640x640 edges=48872 band=270485 291ms
[0+173/173] 11/ab67616d0000b27300116380305ae5fd3607c43b 640x640 edges=125621 band=167655 166ms
