ab67616d0000b27300005f98559139b7dbc802fd.jpg  no-ramp
ab67616d0000b27300008912d4517960ad020c7a.jpg  no-ramp
ab67616d0000b2730000aa80d6d7c54a1d85db99.jpg  no-ramp
ab67616d0000b2730000c775567afe4972b0332b.jpg  no-ramp
ab67616d0000b2730000e6ca22755038ff7a09b8.jpg  no-ramp
ab67616d0000b2730000fc5b6750a56548ed782b.jpg  no-ramp
ab67616d00001e0200011a71dc82a914663aa5ce.jpg  no-ramp
ab67616d00001e02000126901c035d549c66ecc6.jpg  no-ramp
ab67616d00001e020001289b43956971e8ef6af6.jpg  no-ramp
ab67616d00001e0200017f538694affaa568938d.jpg  no-ramp
ab67616d0000b273000131a334d00155369bb7b9.jpg  before=0.892 bars @t=0.8706  owed=false  inserted=false  not-owed
ab67616d0000b27300013cedc1275213f4e35ac0.jpg  no-ramp
ab67616d0000b273000146db0ad7d43bebdb3152.jpg  no-ramp
ab67616d0000b27300014778c5ef2a0dea2461a4.jpg  no-ramp
ab67616d0000b27300018a1a84604edc97ce428f.jpg  no-ramp
ab67616d0000b2730001adc121d5ed117cfdbd91.jpg  no-ramp
ab67616d0000b2730001cfbb60e08a078d2b38ec.jpg  no-ramp
ab67616d00001e020002653adc4ef57bc46a3680.jpg  no-ramp
ab67616d00001e020002fc520894d5fd547eb7f3.jpg  before=0.000 bars @t=0.0000  owed=false  inserted=false  not-owed
ab67616d0000b27300026b0642433bd2ffbcef38.jpg  no-ramp
ab67616d0000b2730002a8db1fe7e7a4337515cd.jpg  no-ramp
ab67616d00001e020003038cffb5140b3658d0a1.jpg  no-ramp
ab67616d00001e020003748f0b2cb5347f9c0779.jpg  no-ramp
ab67616d0000b273000358041152a116b9ca0eb0.jpg  no-ramp
ab67616d0000b2730003c772920c47d3f47705fd.jpg  no-ramp
ab67616d0000b2730003e28f477763147b213494.jpg  no-ramp
ab67616d0000b2730003ea1037f2515b8b874e6d.jpg  no-ramp
ab67616d0000b2730003f2b6590090abe420d104.jpg  no-ramp
ab67616d00001e02000485aa752a4671880731ca  no-ramp
ab67616d00001e020004a6d3bb484fecb9f07028  no-ramp
ab67616d0000b27300041947bcd0fc6b725a1fa2  no-ramp
ab67616d0000b2730004365ce7b2f02c5401b0f5  no-ramp
ab67616d0000b27300046beb8271bf285a15a23d  no-ramp
ab67616d00001e0200050bde324970d1eb1243f7  no-ramp
ab67616d00001e020005318d2b2e7abfb5140997  no-ramp
ab67616d00001e020005a15670eda141afd23bac  before=1.178 bars @t=0.7271  owed=false  inserted=false  not-owed
ab67616d0000b2730005165a15d80c563a8d1ec2  no-ramp
ab67616d0000b273000528de96baaabaa2cf3608  no-ramp
ab67616d0000b273000582f488c5d54bd33e24e2  no-ramp
ab67616d0000b2730005d8403971249d1ef0786b  no-ramp

covers 40 · ramps 3 · over the excursion bar 0 · stops kept 0
C7 companion figure (legacy midpoints outside their endpoints' lightness span): 42%
wrote 40 rows to /Users/Flo/GitHub/palette/.worktrees/p2-tree/research/v3/prototypes/p2-tree/tos/gradient/out/fresh-40.census.jsonl
