candidate: p2-tos  (research/v3/prototypes/p2-tree/tos/candidate.ts)
bar mode:  regional

overall                  8.5% [6.5–11.0]  (51/600)

by pair type
  rendition-pair           5.0% [2.7–9.0]  (10/200)
  jpeg-q92                 14.0% [8.5–22.1]  (14/100)
  jpeg-q85                 3.0% [1.0–8.5]  (3/100)
  jpeg-q75                 4.0% [1.6–9.8]  (4/100)
  dither-lsb1              20.0% [13.3–28.9]  (20/100)

reviewed vs unseen  (v2-3: 1.61x, healthy ~1.0)  [labels: live-warehouse, 0 relabelled since the draw]
  perturbation     1.412x
    perturbation|reviewed    12.0% [8.2–17.2]  (24/200)
    perturbation|unseen      8.5% [5.4–13.2]  (17/200)
  rendition-pair   0.000x  UNDERPOWERED
    rendition-pair|reviewed  0.0% [0.0–27.8]  (0/10)
    rendition-pair|unseen    5.3% [2.9–9.4]  (10/190)

role instability (share of comparisons where the role moved)
  background   28.8%  (173/600)
  surface      32.5%  (195/600)
  foreground   76.3%  (458/600)
  accent       73.5%  (441/600)

disagreeing trials: 549
errored trials:     0
timing: 600 trials, 3570.5s wall, 13168.4s in candidate

report: research/v3/prototypes/p2-tree/tos/gradient/out/robustness.json
