Fetching 2 files:   0%|          | 0/2 [00:00<?, ?it/s]Fetching 2 files: 100%|██████████| 2/2 [00:00<00:00, 1036.27it/s]
cjk-chinese     7300100a3e9c764acf01c16db8   chinese characters=6 kanji=9 calligraphy=11
vehicle         002947b898e4bd572ac4aa.jpg   characters=1 car=1 vehicle=1 the car=1 watermark=2 words=2
cjk-chinese     03f2b6590090abe420d104.jpg   chinese characters=2
cjk-japanese    730008f7b7f01d9149dbe92fa0   chinese characters=7 kanji=12 calligraphy=12 watermark=2 words=5
cjk-japanese    0200106c3252a4c133c0abde36   chinese characters=2 hanzi=1 kanji=6 words=1
nonlatin-other  00cb591a0d52d8b88692d9.jpg   words=2
nonlatin-other  730005230fae1822525e5a5ff6   characters=5 watermark=1 words=2
nonlatin-other  009f60aeb150a5db45b47b.jpg   calligraphy=1 vehicle=2 watermark=3 words=1
vehicle         02881a851f1e14c374562b.jpg   car=1 vehicle=1 the car=1 watermark=1 words=2
vehicle         01adc121d5ed117cfdbd91.jpg   car=1 vehicle=1 the car=1 watermark=1 words=1
vehicle         73000ae334b447825e117f2e01   car=2 vehicle=2 the car=2 watermark=1
vehicle         02000d676569f781897718a085   characters=6 car=1 vehicle=1 the car=1 watermark=4 words=5
barcode         03580bd2766859c4d81e13.jpg   barcode=1 words=1
barcode         7300072f04eb3dae24ba1cc3e8   characters=1 words=6
negative        0300752f338b6aedff856c.jpg   
negative        images/toxicity.jpg          watermark=2 words=2

images (of 16) where the phrasing fired, at the stored cut 0.3 / at the calibrated 0.578:
  [cjk_script]
     4 /  0  chinese characters
     4 /  2  characters
     0 /  0  asian text
     1 /  0  hanzi
     3 /  2  kanji
     3 /  0  calligraphy
     0 /  0  foreign text
  [object_noun]
     5 /  5  car
     6 /  5  vehicle
     5 /  5  the car
  [applied_overlay]
     1 /  1  barcode
     9 /  4  watermark
  [control]
     0 /  0  text
    12 /  6  words

by image kind (stored cut), n per kind: barcode=2 cjk-chinese=2 cjk-japanese=2 negative=2 nonlatin-other=3 vehicle=5
    phrasing                      barcode      cjk-chinese     cjk-japanese         negative   nonlatin-other          vehicle
    chinese characters                  0                2                2                0                0                0
    characters                          1                0                0                0                1                2
    asian text                          0                0                0                0                0                0
    hanzi                               0                0                1                0                0                0
    kanji                               0                1                2                0                0                0
    calligraphy                         0                1                1                0                1                0
    foreign text                        0                0                0                0                0                0
    car                                 0                0                0                0                0                5
    vehicle                             0                0                0                0                1                5
    the car                             0                0                0                0                0                5
    barcode                             1                0                0                0                0                0
    watermark                           0                0                1                1                2                5
    text                                0                0                0                0                0                0
    words                               2                0                2                1                3                4

inference seconds over 16 images: 51.6
overlay: /Users/Flo/GitHub/palette/research/v3/data/sam/probe-4-overlays/cjk-roseliu-THE-MISS.png
overlay: /Users/Flo/GitHub/palette/research/v3/data/sam/probe-4-overlays/car-goals-THE-MISS.png
overlay: /Users/Flo/GitHub/palette/research/v3/data/sam/probe-4-overlays/cjk-fofront.png
overlay: /Users/Flo/GitHub/palette/research/v3/data/sam/probe-4-overlays/cjk-japanese-vertical.png
overlay: /Users/Flo/GitHub/palette/research/v3/data/sam/probe-4-overlays/cjk-japanese-inline.png
overlay: /Users/Flo/GitHub/palette/research/v3/data/sam/probe-4-overlays/car-lamborghini.png
overlay: /Users/Flo/GitHub/palette/research/v3/data/sam/probe-4-overlays/car-vs-people.png
overlay: /Users/Flo/GitHub/palette/research/v3/data/sam/probe-4-overlays/barcode-sticker.png
{"families": {"cjk_script": ["chinese characters", "characters", "asian text", "hanzi", "kanji", "calligraphy", "foreign text"], "object_noun": ["car", "vehicle", "the car"], "applied_overlay": ["barcode", "watermark"], "control": ["text", "words"]}}
